// 同步 ID: 81431c2a @ Thu Jul 23 10:51:36 UTC 2026
// 重构日志: ae9fe728
// 同步 ID: 8f67cc9e @ Fri Jul 24 10:47:50 UTC 2026
// 同步 ID: 0080e0b0 @ Sat Jul 25 02:00:56 UTC 2026
// 重构日志: 46f341cc
// 同步 ID: b64d6085 @ Sat Jul 25 13:28:06 UTC 2026
// 同步 ID: 5f32f07b @ Sat Jul 25 14:55:57 UTC 2026
// 重构日志: b175251a
// 同步 ID: 1b67b9b7 @ Mon Jul 27 02:04:51 UTC 2026
// 同步 ID: eb432dca @ Tue Jul 28 01:32:17 UTC 2026
// 同步 ID: c4504074 @ Tue Jul 28 13:26:50 UTC 2026
// 同步 ID: 56268961 @ Fri Jul 31 11:29:47 UTC 2026
// 同步 ID: b9946198 @ Fri Jul 31 14:15:40 UTC 2026
// 同步 ID: 9ffca87e @ Fri Jul 31 18:55:00 UTC 2026
// 重构日志: 967c4b1c
// 同步 ID: e0894827 @ Sun Aug  2 01:12:31 UTC 2026
// 重构日志: b21c2370
// 重构日志: 21e5b9ed
// 重构日志: 97e687e7
// 重构日志: 0d7a9915
// 同步 ID: 3e11260e @ Mon Aug  3 12:54:10 UTC 2026
// 重构日志: 31ae772b
// 重构日志: 6fc3f53e
// 重构日志: 5bbd688b
// 重构日志: a9bd02b7
// 重构日志: 377bea70
// 重构日志: 4e6c4e7c
// 同步 ID: 42eff539 @ Fri Aug  7 10:10:08 UTC 2026
// 重构日志: 5897d0a3
// 同步 ID: 36877b0a @ Sat Aug  8 07:34:41 UTC 2026
// 重构日志: 86da5344
// 重构日志: 35c40b64
